old_registry.ts(962,13): error TS1136: Property assignment expected.
old_registry.ts(1122,13): error TS1003: Identifier expected.
old_registry.ts(1122,29): error TS1005: ':' expected.
old_registry.ts(1123,15): error TS1003: Identifier expected.
old_registry.ts(1123,31): error TS1005: ':' expected.
old_registry.ts(1125,11): error TS1003: Identifier expected.
old_registry.ts(1125,102): error TS1005: ':' expected.
old_registry.ts(1126,16): error TS1003: Identifier expected.
old_registry.ts(1126,82): error TS1005: ':' expected.
old_registry.ts(1127,16): error TS1003: Identifier expected.
old_registry.ts(1127,39): error TS1005: ':' expected.
old_registry.ts(1129,18): error TS1003: Identifier expected.
old_registry.ts(1129,41): error TS1005: ':' expected.
old_registry.ts(1131,13): error TS1003: Identifier expected.
old_registry.ts(1131,116): error TS1005: ':' expected.
old_registry.ts(1132,23): error TS1003: Identifier expected.
old_registry.ts(1132,30): error TS1005: ':' expected.
old_registry.ts(1133,27): error TS1003: Identifier expected.
old_registry.ts(1133,42): error TS1005: ':' expected.
old_registry.ts(1134,22): error TS1003: Identifier expected.
old_registry.ts(1134,50): error TS1005: ':' expected.
old_registry.ts(1135,18): error TS1003: Identifier expected.
old_registry.ts(1135,84): error TS1005: ':' expected.
old_registry.ts(1136,24): error TS1003: Identifier expected.
old_registry.ts(1136,29): error TS1005: ':' expected.
old_registry.ts(1137,24): error TS1003: Identifier expected.
old_registry.ts(1137,29): error TS1005: ':' expected.
old_registry.ts(1139,22): error TS1003: Identifier expected.
old_registry.ts(1139,40): error TS1005: ':' expected.
old_registry.ts(1139,49): error TS1003: Identifier expected.
old_registry.ts(1139,56): error TS1005: ':' expected.
old_registry.ts(1139,69): error TS1003: Identifier expected.
old_registry.ts(1139,73): error TS1005: ':' expected.
old_registry.ts(1140,22): error TS1003: Identifier expected.
old_registry.ts(1140,42): error TS1005: ':' expected.
old_registry.ts(1140,51): error TS1003: Identifier expected.
old_registry.ts(1140,59): error TS1005: ':' expected.
old_registry.ts(1140,72): error TS1003: Identifier expected.
old_registry.ts(1140,76): error TS1005: ':' expected.
old_registry.ts(1141,22): error TS1003: Identifier expected.
old_registry.ts(1141,41): error TS1005: ':' expected.
old_registry.ts(1141,50): error TS1003: Identifier expected.
old_registry.ts(1141,57): error TS1005: ':' expected.
old_registry.ts(1141,70): error TS1003: Identifier expected.
old_registry.ts(1141,74): error TS1005: ':' expected.
old_registry.ts(1145,22): error TS1003: Identifier expected.
old_registry.ts(1145,42): error TS1005: ':' expected.
old_registry.ts(1147,26): error TS1003: Identifier expected.
old_registry.ts(1147,55): error TS1005: ':' expected.
old_registry.ts(1147,64): error TS1003: Identifier expected.
old_registry.ts(1147,69): error TS1005: ':' expected.
old_registry.ts(1147,83): error TS1003: Identifier expected.
old_registry.ts(1147,85): error TS1005: ':' expected.
old_registry.ts(1148,26): error TS1003: Identifier expected.
old_registry.ts(1148,53): error TS1005: ':' expected.
old_registry.ts(1148,62): error TS1003: Identifier expected.
old_registry.ts(1148,76): error TS1005: ':' expected.
old_registry.ts(1148,106): error TS1003: Identifier expected.
old_registry.ts(1148,119): error TS1005: ';' expected.
old_registry.ts(1148,133): error TS1005: ';' expected.
old_registry.ts(1148,140): error TS1128: Declaration or statement expected.
old_registry.ts(1148,142): error TS1128: Declaration or statement expected.
old_registry.ts(1148,143): error TS1128: Declaration or statement expected.
old_registry.ts(1149,60): error TS1005: ';' expected.
old_registry.ts(1149,93): error TS1005: ';' expected.
old_registry.ts(1149,104): error TS1005: ';' expected.
old_registry.ts(1149,117): error TS1005: ';' expected.
old_registry.ts(1149,131): error TS1005: ';' expected.
old_registry.ts(1150,15): error TS1128: Declaration or statement expected.
old_registry.ts(1151,13): error TS1128: Declaration or statement expected.
old_registry.ts(1151,14): error TS1128: Declaration or statement expected.
old_registry.ts(1154,22): error TS1005: ';' expected.
old_registry.ts(1161,11): error TS1128: Declaration or statement expected.
old_registry.ts(1161,12): error TS1128: Declaration or statement expected.
old_registry.ts(1162,13): error TS1128: Declaration or statement expected.
old_registry.ts(1162,14): error TS1128: Declaration or statement expected.
old_registry.ts(1163,11): error TS1128: Declaration or statement expected.
old_registry.ts(1163,12): error TS1128: Declaration or statement expected.
old_registry.ts(1165,22): error TS1005: ';' expected.
old_registry.ts(1171,19): error TS1005: ';' expected.
old_registry.ts(1177,16): error TS1005: ';' expected.
old_registry.ts(1181,15): error TS1005: ';' expected.
old_registry.ts(1187,18): error TS1005: ';' expected.
old_registry.ts(1194,21): error TS1005: ';' expected.
old_registry.ts(1195,9): error TS1109: Expression expected.
old_registry.ts(1195,10): error TS1128: Declaration or statement expected.
old_registry.ts(1196,7): error TS1128: Declaration or statement expected.
old_registry.ts(1196,8): error TS1128: Declaration or statement expected.
old_registry.ts(1199,13): error TS1005: ';' expected.
old_registry.ts(1200,20): error TS1005: ';' expected.
old_registry.ts(1202,14): error TS1005: ';' expected.
old_registry.ts(1203,14): error TS1005: ';' expected.
old_registry.ts(1204,15): error TS1005: ';' expected.
old_registry.ts(1206,19): error TS1005: ';' expected.
old_registry.ts(1208,21): error TS1005: ';' expected.
old_registry.ts(1209,25): error TS1005: ';' expected.
old_registry.ts(1210,20): error TS1005: ';' expected.
old_registry.ts(1211,16): error TS1005: ';' expected.
old_registry.ts(1212,22): error TS1005: ';' expected.
old_registry.ts(1213,22): error TS1005: ';' expected.
old_registry.ts(1214,16): error TS1005: ';' expected.
old_registry.ts(1231,18): error TS1005: ';' expected.
old_registry.ts(1240,22): error TS1005: ';' expected.
old_registry.ts(1241,22): error TS1005: ';' expected.
old_registry.ts(1246,19): error TS1005: ';' expected.
old_registry.ts(1247,16): error TS1005: ';' expected.
old_registry.ts(1248,15): error TS1005: ';' expected.
old_registry.ts(1249,18): error TS1005: ';' expected.
old_registry.ts(1250,21): error TS1005: ';' expected.
old_registry.ts(1251,9): error TS1109: Expression expected.
old_registry.ts(1251,10): error TS1128: Declaration or statement expected.
old_registry.ts(1252,8): error TS1128: Declaration or statement expected.
old_registry.ts(1255,13): error TS1005: ';' expected.
old_registry.ts(1256,20): error TS1005: ';' expected.
old_registry.ts(1258,14): error TS1005: ';' expected.
old_registry.ts(1259,14): error TS1005: ';' expected.
old_registry.ts(1260,15): error TS1005: ';' expected.
old_registry.ts(1262,19): error TS1005: ';' expected.
old_registry.ts(1264,21): error TS1005: ';' expected.
old_registry.ts(1265,25): error TS1005: ';' expected.
old_registry.ts(1266,20): error TS1005: ';' expected.
old_registry.ts(1267,16): error TS1005: ';' expected.
old_registry.ts(1268,17): error TS1005: ';' expected.
old_registry.ts(1274,22): error TS1005: ';' expected.
old_registry.ts(1275,22): error TS1005: ';' expected.
old_registry.ts(1276,16): error TS1005: ';' expected.
old_registry.ts(1285,18): error TS1005: ';' expected.
old_registry.ts(1302,22): error TS1005: ';' expected.
old_registry.ts(1303,22): error TS1005: ';' expected.
old_registry.ts(1308,19): error TS1005: ';' expected.
old_registry.ts(1313,16): error TS1005: ';' expected.
old_registry.ts(1314,15): error TS1005: ';' expected.
old_registry.ts(1315,18): error TS1005: ';' expected.
old_registry.ts(1316,21): error TS1005: ';' expected.
old_registry.ts(1317,9): error TS1109: Expression expected.
old_registry.ts(1317,10): error TS1128: Declaration or statement expected.
old_registry.ts(1318,8): error TS1128: Declaration or statement expected.
old_registry.ts(1321,13): error TS1005: ';' expected.
old_registry.ts(1322,20): error TS1005: ';' expected.
old_registry.ts(1324,14): error TS1005: ';' expected.
old_registry.ts(1325,14): error TS1005: ';' expected.
old_registry.ts(1326,15): error TS1005: ';' expected.
old_registry.ts(1328,19): error TS1005: ';' expected.
old_registry.ts(1330,21): error TS1005: ';' expected.
old_registry.ts(1331,25): error TS1005: ';' expected.
old_registry.ts(1332,20): error TS1005: ';' expected.
old_registry.ts(1333,16): error TS1005: ';' expected.
old_registry.ts(1334,22): error TS1005: ';' expected.
old_registry.ts(1335,22): error TS1005: ';' expected.
old_registry.ts(1336,16): error TS1005: ';' expected.
old_registry.ts(1343,18): error TS1005: ';' expected.
old_registry.ts(1352,22): error TS1005: ';' expected.
old_registry.ts(1353,22): error TS1005: ';' expected.
old_registry.ts(1358,19): error TS1005: ';' expected.
old_registry.ts(1363,16): error TS1005: ';' expected.
old_registry.ts(1364,15): error TS1005: ';' expected.
old_registry.ts(1365,18): error TS1005: ';' expected.
old_registry.ts(1366,21): error TS1005: ';' expected.
old_registry.ts(1367,9): error TS1109: Expression expected.
old_registry.ts(1367,10): error TS1128: Declaration or statement expected.
old_registry.ts(1368,8): error TS1128: Declaration or statement expected.
old_registry.ts(1369,5): error TS1128: Declaration or statement expected.
old_registry.ts(1369,6): error TS1128: Declaration or statement expected.
old_registry.ts(1370,3): error TS1128: Declaration or statement expected.
old_registry.ts(1370,4): error TS1128: Declaration or statement expected.
old_registry.ts(1371,18): error TS1005: ';' expected.
old_registry.ts(1373,20): error TS1005: ';' expected.
old_registry.ts(1374,17): error TS1005: ';' expected.
old_registry.ts(1375,16): error TS1005: ';' expected.
old_registry.ts(1377,14): error TS1005: ';' expected.
old_registry.ts(1378,20): error TS1005: ';' expected.
old_registry.ts(1379,20): error TS1005: ';' expected.
old_registry.ts(1380,17): error TS1005: ';' expected.
old_registry.ts(1381,16): error TS1005: ';' expected.
old_registry.ts(1382,16): error TS1005: ';' expected.
old_registry.ts(1384,28): error TS1005: ';' expected.
old_registry.ts(1386,27): error TS1005: ';' expected.
old_registry.ts(1387,9): error TS1005: ';' expected.
old_registry.ts(1397,13): error TS1005: ';' expected.
old_registry.ts(1719,3): error TS1109: Expression expected.
old_registry.ts(1719,4): error TS1128: Declaration or statement expected.
old_registry.ts(1720,15): error TS1005: ';' expected.
old_registry.ts(1722,20): error TS1005: ';' expected.
old_registry.ts(1723,16): error TS1005: ';' expected.
old_registry.ts(1725,14): error TS1005: ';' expected.
old_registry.ts(1726,20): error TS1005: ';' expected.
old_registry.ts(1727,20): error TS1005: ';' expected.
old_registry.ts(1728,17): error TS1005: ';' expected.
old_registry.ts(1729,17): error TS1005: ';' expected.
old_registry.ts(1730,16): error TS1005: ';' expected.
old_registry.ts(1731,16): error TS1005: ';' expected.
old_registry.ts(1733,28): error TS1005: ';' expected.
old_registry.ts(1735,27): error TS1005: ';' expected.
old_registry.ts(1736,9): error TS1005: ';' expected.
old_registry.ts(1758,13): error TS1005: ';' expected.
old_registry.ts(2089,11): error TS1136: Property assignment expected.
old_registry.ts(2090,22): error TS1005: ';' expected.
old_registry.ts(2091,22): error TS1005: ';' expected.
old_registry.ts(2096,19): error TS1005: ';' expected.
old_registry.ts(2102,16): error TS1005: ';' expected.
old_registry.ts(2106,15): error TS1005: ';' expected.
old_registry.ts(2107,18): error TS1005: ';' expected.
old_registry.ts(2108,21): error TS1005: ';' expected.
old_registry.ts(2109,9): error TS1109: Expression expected.
old_registry.ts(2109,10): error TS1128: Declaration or statement expected.
old_registry.ts(2110,7): error TS1128: Declaration or statement expected.
old_registry.ts(2110,8): error TS1128: Declaration or statement expected.
old_registry.ts(2113,13): error TS1005: ';' expected.
old_registry.ts(2114,20): error TS1005: ';' expected.
old_registry.ts(2116,14): error TS1005: ';' expected.
old_registry.ts(2117,14): error TS1005: ';' expected.
old_registry.ts(2118,14): error TS1005: ';' expected.
old_registry.ts(2119,15): error TS1005: ';' expected.
old_registry.ts(2121,19): error TS1005: ';' expected.
old_registry.ts(2123,21): error TS1005: ';' expected.
old_registry.ts(2124,25): error TS1005: ';' expected.
old_registry.ts(2125,20): error TS1005: ';' expected.
old_registry.ts(2126,16): error TS1005: ';' expected.
old_registry.ts(2128,22): error TS1005: ';' expected.
old_registry.ts(2129,22): error TS1005: ';' expected.
old_registry.ts(2130,16): error TS1005: ';' expected.
old_registry.ts(2134,18): error TS1005: ';' expected.
old_registry.ts(2144,13): error TS1109: Expression expected.
old_registry.ts(2144,14): error TS1128: Declaration or statement expected.
old_registry.ts(2145,11): error TS1128: Declaration or statement expected.
old_registry.ts(2145,12): error TS1128: Declaration or statement expected.
old_registry.ts(2147,22): error TS1005: ';' expected.
old_registry.ts(2152,19): error TS1005: ';' expected.
old_registry.ts(2158,16): error TS1005: ';' expected.
old_registry.ts(2159,15): error TS1005: ';' expected.
old_registry.ts(2160,18): error TS1005: ';' expected.
old_registry.ts(2161,21): error TS1005: ';' expected.
old_registry.ts(2162,9): error TS1109: Expression expected.
old_registry.ts(2162,10): error TS1128: Declaration or statement expected.
old_registry.ts(2163,7): error TS1128: Declaration or statement expected.
old_registry.ts(2163,8): error TS1128: Declaration or statement expected.
old_registry.ts(2166,13): error TS1005: ';' expected.
old_registry.ts(2167,20): error TS1005: ';' expected.
old_registry.ts(2169,14): error TS1005: ';' expected.
old_registry.ts(2170,14): error TS1005: ';' expected.
old_registry.ts(2171,14): error TS1005: ';' expected.
old_registry.ts(2172,15): error TS1005: ';' expected.
old_registry.ts(2174,19): error TS1005: ';' expected.
old_registry.ts(2176,21): error TS1005: ';' expected.
old_registry.ts(2177,25): error TS1005: ';' expected.
old_registry.ts(2178,20): error TS1005: ';' expected.
old_registry.ts(2179,16): error TS1005: ';' expected.
old_registry.ts(2181,22): error TS1005: ';' expected.
old_registry.ts(2182,22): error TS1005: ';' expected.
old_registry.ts(2183,16): error TS1005: ';' expected.
old_registry.ts(2195,18): error TS1005: ';' expected.
old_registry.ts(2212,22): error TS1005: ';' expected.
old_registry.ts(2213,24): error TS1005: ';' expected.
old_registry.ts(2219,22): error TS1005: ';' expected.
old_registry.ts(2225,19): error TS1005: ';' expected.
old_registry.ts(2231,16): error TS1005: ';' expected.
old_registry.ts(2235,22): error TS1005: ';' expected.
old_registry.ts(2246,15): error TS1005: ';' expected.
old_registry.ts(2268,18): error TS1005: ';' expected.
old_registry.ts(2285,21): error TS1005: ';' expected.
old_registry.ts(2286,9): error TS1109: Expression expected.
old_registry.ts(2286,10): error TS1128: Declaration or statement expected.
old_registry.ts(2287,8): error TS1128: Declaration or statement expected.
old_registry.ts(2290,13): error TS1005: ';' expected.
old_registry.ts(2291,20): error TS1005: ';' expected.
old_registry.ts(2293,14): error TS1005: ';' expected.
old_registry.ts(2294,14): error TS1005: ';' expected.
old_registry.ts(2295,15): error TS1005: ';' expected.
old_registry.ts(2297,19): error TS1005: ';' expected.
old_registry.ts(2299,21): error TS1005: ';' expected.
old_registry.ts(2300,25): error TS1005: ';' expected.
old_registry.ts(2301,20): error TS1005: ';' expected.
old_registry.ts(2302,16): error TS1005: ';' expected.
old_registry.ts(2303,22): error TS1005: ';' expected.
old_registry.ts(2304,22): error TS1005: ';' expected.
old_registry.ts(2305,16): error TS1005: ';' expected.
old_registry.ts(2317,18): error TS1005: ';' expected.
old_registry.ts(2329,22): error TS1005: ';' expected.
old_registry.ts(2330,22): error TS1005: ';' expected.
old_registry.ts(2335,19): error TS1005: ';' expected.
old_registry.ts(2341,16): error TS1005: ';' expected.
old_registry.ts(2342,15): error TS1005: ';' expected.
old_registry.ts(2343,18): error TS1005: ';' expected.
old_registry.ts(2344,21): error TS1005: ';' expected.
old_registry.ts(2345,9): error TS1109: Expression expected.
old_registry.ts(2345,10): error TS1128: Declaration or statement expected.
old_registry.ts(2346,8): error TS1128: Declaration or statement expected.
old_registry.ts(2349,13): error TS1005: ';' expected.
old_registry.ts(2350,20): error TS1005: ';' expected.
old_registry.ts(2352,14): error TS1005: ';' expected.
old_registry.ts(2354,14): error TS1005: ';' expected.
old_registry.ts(2355,15): error TS1005: ';' expected.
old_registry.ts(2357,19): error TS1005: ';' expected.
old_registry.ts(2359,21): error TS1005: ';' expected.
old_registry.ts(2360,25): error TS1005: ';' expected.
old_registry.ts(2361,20): error TS1005: ';' expected.
old_registry.ts(2362,16): error TS1005: ';' expected.
old_registry.ts(2364,22): error TS1005: ';' expected.
old_registry.ts(2365,22): error TS1005: ';' expected.
old_registry.ts(2366,16): error TS1005: ';' expected.
old_registry.ts(2378,18): error TS1005: ';' expected.
old_registry.ts(2390,22): error TS1005: ';' expected.
old_registry.ts(2391,22): error TS1005: ';' expected.
old_registry.ts(2396,19): error TS1005: ';' expected.
old_registry.ts(2402,16): error TS1005: ';' expected.
old_registry.ts(2408,15): error TS1005: ';' expected.
old_registry.ts(2409,18): error TS1005: ';' expected.
old_registry.ts(2410,21): error TS1005: ';' expected.
old_registry.ts(2411,9): error TS1109: Expression expected.
old_registry.ts(2411,10): error TS1128: Declaration or statement expected.
old_registry.ts(2412,8): error TS1128: Declaration or statement expected.
old_registry.ts(2415,13): error TS1005: ';' expected.
old_registry.ts(2416,20): error TS1005: ';' expected.
old_registry.ts(2418,14): error TS1005: ';' expected.
old_registry.ts(2419,14): error TS1005: ';' expected.
old_registry.ts(2420,15): error TS1005: ';' expected.
old_registry.ts(2422,19): error TS1005: ';' expected.
old_registry.ts(2424,21): error TS1005: ';' expected.
old_registry.ts(2425,25): error TS1005: ';' expected.
old_registry.ts(2426,20): error TS1005: ';' expected.
old_registry.ts(2427,16): error TS1005: ';' expected.
old_registry.ts(2428,17): error TS1005: ';' expected.
old_registry.ts(2434,22): error TS1005: ';' expected.
old_registry.ts(2435,22): error TS1005: ';' expected.
old_registry.ts(2436,16): error TS1005: ';' expected.
old_registry.ts(2443,18): error TS1005: ';' expected.
old_registry.ts(2460,22): error TS1005: ';' expected.
old_registry.ts(2461,22): error TS1005: ';' expected.
old_registry.ts(2466,19): error TS1005: ';' expected.
old_registry.ts(2471,16): error TS1005: ';' expected.
old_registry.ts(2472,15): error TS1005: ';' expected.
old_registry.ts(2473,18): error TS1005: ';' expected.
old_registry.ts(2474,21): error TS1005: ';' expected.
old_registry.ts(2475,9): error TS1109: Expression expected.
old_registry.ts(2475,10): error TS1128: Declaration or statement expected.
old_registry.ts(2476,8): error TS1128: Declaration or statement expected.
old_registry.ts(2479,13): error TS1005: ';' expected.
old_registry.ts(2480,20): error TS1005: ';' expected.
old_registry.ts(2482,14): error TS1005: ';' expected.
old_registry.ts(2483,14): error TS1005: ';' expected.
old_registry.ts(2484,15): error TS1005: ';' expected.
old_registry.ts(2486,19): error TS1005: ';' expected.
old_registry.ts(2488,21): error TS1005: ';' expected.
old_registry.ts(2489,25): error TS1005: ';' expected.
old_registry.ts(2490,20): error TS1005: ';' expected.
old_registry.ts(2491,16): error TS1005: ';' expected.
old_registry.ts(2492,22): error TS1005: ';' expected.
old_registry.ts(2493,22): error TS1005: ';' expected.
old_registry.ts(2494,16): error TS1005: ';' expected.
old_registry.ts(2516,18): error TS1005: ';' expected.
old_registry.ts(2625,23): error TS1005: ';' expected.
old_registry.ts(2633,22): error TS1005: ';' expected.
old_registry.ts(2634,22): error TS1005: ';' expected.
old_registry.ts(2639,19): error TS1005: ';' expected.
old_registry.ts(2644,16): error TS1005: ';' expected.
old_registry.ts(2645,15): error TS1005: ';' expected.
old_registry.ts(2646,18): error TS1005: ';' expected.
old_registry.ts(2647,21): error TS1005: ';' expected.
old_registry.ts(2648,9): error TS1109: Expression expected.
old_registry.ts(2648,10): error TS1128: Declaration or statement expected.
old_registry.ts(2649,8): error TS1128: Declaration or statement expected.
old_registry.ts(2652,13): error TS1005: ';' expected.
old_registry.ts(2653,20): error TS1005: ';' expected.
old_registry.ts(2655,14): error TS1005: ';' expected.
old_registry.ts(2656,14): error TS1005: ';' expected.
old_registry.ts(2657,15): error TS1005: ';' expected.
old_registry.ts(2659,19): error TS1005: ';' expected.
old_registry.ts(2661,21): error TS1005: ';' expected.
old_registry.ts(2662,25): error TS1005: ';' expected.
old_registry.ts(2663,20): error TS1005: ';' expected.
old_registry.ts(2664,16): error TS1005: ';' expected.
old_registry.ts(2665,22): error TS1005: ';' expected.
old_registry.ts(2666,22): error TS1005: ';' expected.
old_registry.ts(2667,16): error TS1005: ';' expected.
old_registry.ts(2676,18): error TS1005: ';' expected.
old_registry.ts(2693,22): error TS1005: ';' expected.
old_registry.ts(2694,22): error TS1005: ';' expected.
old_registry.ts(2699,19): error TS1005: ';' expected.
old_registry.ts(2700,16): error TS1005: ';' expected.
old_registry.ts(2703,15): error TS1005: ';' expected.
old_registry.ts(2704,18): error TS1005: ';' expected.
old_registry.ts(2705,21): error TS1005: ';' expected.
old_registry.ts(2706,9): error TS1109: Expression expected.
old_registry.ts(2706,10): error TS1128: Declaration or statement expected.
old_registry.ts(2707,8): error TS1128: Declaration or statement expected.
old_registry.ts(2710,13): error TS1005: ';' expected.
old_registry.ts(2711,20): error TS1005: ';' expected.
old_registry.ts(2713,14): error TS1005: ';' expected.
old_registry.ts(2714,14): error TS1005: ';' expected.
old_registry.ts(2715,15): error TS1005: ';' expected.
old_registry.ts(2717,26): error TS1005: ';' expected.
old_registry.ts(2718,25): error TS1005: ';' expected.
old_registry.ts(2719,16): error TS1005: ';' expected.
old_registry.ts(2720,16): error TS1005: ';' expected.
old_registry.ts(2721,16): error TS1005: ';' expected.
old_registry.ts(2722,17): error TS1005: ';' expected.
old_registry.ts(2723,17): error TS1005: ';' expected.
old_registry.ts(2724,17): error TS1005: ';' expected.
old_registry.ts(2725,17): error TS1005: ';' expected.
old_registry.ts(2726,17): error TS1005: ';' expected.
old_registry.ts(2727,18): error TS1005: ';' expected.
old_registry.ts(2728,11): error TS1109: Expression expected.
old_registry.ts(2728,12): error TS1128: Declaration or statement expected.
old_registry.ts(2731,21): error TS1005: ';' expected.
old_registry.ts(2732,25): error TS1005: ';' expected.
old_registry.ts(2733,20): error TS1005: ';' expected.
old_registry.ts(2734,16): error TS1005: ';' expected.
old_registry.ts(2735,22): error TS1005: ';' expected.
old_registry.ts(2736,22): error TS1005: ';' expected.
old_registry.ts(2737,16): error TS1005: ';' expected.
old_registry.ts(2740,18): error TS1005: ';' expected.
old_registry.ts(2756,13): error TS1109: Expression expected.
old_registry.ts(2756,14): error TS1128: Declaration or statement expected.
old_registry.ts(2759,22): error TS1005: ';' expected.
old_registry.ts(2775,13): error TS1109: Expression expected.
old_registry.ts(2775,14): error TS1128: Declaration or statement expected.
old_registry.ts(2778,22): error TS1005: ';' expected.
old_registry.ts(2790,13): error TS1109: Expression expected.
old_registry.ts(2790,14): error TS1128: Declaration or statement expected.
old_registry.ts(2791,11): error TS1128: Declaration or statement expected.
old_registry.ts(2791,12): error TS1128: Declaration or statement expected.
old_registry.ts(2793,22): error TS1005: ';' expected.
old_registry.ts(2798,19): error TS1005: ';' expected.
old_registry.ts(2799,16): error TS1005: ';' expected.
old_registry.ts(2807,15): error TS1005: ';' expected.
old_registry.ts(2825,18): error TS1005: ';' expected.
old_registry.ts(2842,21): error TS1005: ';' expected.
old_registry.ts(2843,9): error TS1109: Expression expected.
old_registry.ts(2843,10): error TS1128: Declaration or statement expected.
old_registry.ts(2844,7): error TS1128: Declaration or statement expected.
old_registry.ts(2844,8): error TS1128: Declaration or statement expected.
old_registry.ts(2847,13): error TS1005: ';' expected.
old_registry.ts(2848,20): error TS1005: ';' expected.
old_registry.ts(2850,14): error TS1005: ';' expected.
old_registry.ts(2851,14): error TS1005: ';' expected.
old_registry.ts(2852,15): error TS1005: ';' expected.
old_registry.ts(2854,26): error TS1005: ';' expected.
old_registry.ts(2855,19): error TS1005: ';' expected.
old_registry.ts(2857,21): error TS1005: ';' expected.
old_registry.ts(2858,25): error TS1005: ';' expected.
old_registry.ts(2859,20): error TS1005: ';' expected.
old_registry.ts(2860,16): error TS1005: ';' expected.
old_registry.ts(2861,17): error TS1005: ';' expected.
old_registry.ts(2868,22): error TS1005: ';' expected.
old_registry.ts(2869,22): error TS1005: ';' expected.
old_registry.ts(2870,16): error TS1005: ';' expected.
old_registry.ts(2928,18): error TS1005: ';' expected.
old_registry.ts(2966,22): error TS1005: ';' expected.
old_registry.ts(2967,22): error TS1005: ';' expected.
old_registry.ts(2972,19): error TS1005: ';' expected.
old_registry.ts(2977,16): error TS1005: ';' expected.
old_registry.ts(2981,22): error TS1005: ';' expected.
old_registry.ts(2991,15): error TS1005: ';' expected.
old_registry.ts(3013,18): error TS1005: ';' expected.
old_registry.ts(3025,21): error TS1005: ';' expected.
old_registry.ts(3026,9): error TS1109: Expression expected.
old_registry.ts(3026,10): error TS1128: Declaration or statement expected.
old_registry.ts(3027,8): error TS1128: Declaration or statement expected.
old_registry.ts(3028,5): error TS1128: Declaration or statement expected.
old_registry.ts(3028,6): error TS1128: Declaration or statement expected.
old_registry.ts(3029,3): error TS1128: Declaration or statement expected.
old_registry.ts(3029,4): error TS1128: Declaration or statement expected.
old_registry.ts(3030,18): error TS1005: ';' expected.
old_registry.ts(3032,20): error TS1005: ';' expected.
old_registry.ts(3033,16): error TS1005: ';' expected.
old_registry.ts(3035,14): error TS1005: ';' expected.
old_registry.ts(3036,20): error TS1005: ';' expected.
old_registry.ts(3037,20): error TS1005: ';' expected.
old_registry.ts(3038,17): error TS1005: ';' expected.
old_registry.ts(3039,17): error TS1005: ';' expected.
old_registry.ts(3040,16): error TS1005: ';' expected.
old_registry.ts(3041,16): error TS1005: ';' expected.
old_registry.ts(3043,28): error TS1005: ';' expected.
old_registry.ts(3045,27): error TS1005: ';' expected.
old_registry.ts(3046,9): error TS1005: ';' expected.
old_registry.ts(3072,13): error TS1005: ';' expected.
old_registry.ts(3605,3): error TS1109: Expression expected.
old_registry.ts(3605,4): error TS1128: Declaration or statement expected.
old_registry.ts(3606,21): error TS1005: ';' expected.
old_registry.ts(3608,20): error TS1005: ';' expected.
old_registry.ts(3609,16): error TS1005: ';' expected.
old_registry.ts(3611,14): error TS1005: ';' expected.
old_registry.ts(3612,20): error TS1005: ';' expected.
old_registry.ts(3613,20): error TS1005: ';' expected.
old_registry.ts(3614,17): error TS1005: ';' expected.
old_registry.ts(3615,16): error TS1005: ';' expected.
old_registry.ts(3616,16): error TS1005: ';' expected.
old_registry.ts(3618,13): error TS1005: ';' expected.
old_registry.ts(3706,3): error TS1109: Expression expected.
old_registry.ts(3706,4): error TS1128: Declaration or statement expected.
old_registry.ts(3707,24): error TS1005: ';' expected.
old_registry.ts(3709,20): error TS1005: ';' expected.
old_registry.ts(3710,17): error TS1005: ';' expected.
old_registry.ts(3711,16): error TS1005: ';' expected.
old_registry.ts(3713,14): error TS1005: ';' expected.
old_registry.ts(3714,20): error TS1005: ';' expected.
old_registry.ts(3715,20): error TS1005: ';' expected.
old_registry.ts(3716,17): error TS1005: ';' expected.
old_registry.ts(3717,16): error TS1005: ';' expected.
old_registry.ts(3718,16): error TS1005: ';' expected.
old_registry.ts(3720,28): error TS1005: ';' expected.
old_registry.ts(3730,27): error TS1005: ';' expected.
old_registry.ts(3731,9): error TS1005: ';' expected.
old_registry.ts(3745,13): error TS1005: ';' expected.
old_registry.ts(4511,3): error TS1109: Expression expected.
old_registry.ts(4511,4): error TS1128: Declaration or statement expected.
old_registry.ts(4512,25): error TS1005: ';' expected.
old_registry.ts(4514,20): error TS1005: ';' expected.
old_registry.ts(4515,17): error TS1005: ';' expected.
old_registry.ts(4516,16): error TS1005: ';' expected.
old_registry.ts(4518,14): error TS1005: ';' expected.
old_registry.ts(4519,20): error TS1005: ';' expected.
old_registry.ts(4520,20): error TS1005: ';' expected.
old_registry.ts(4521,17): error TS1005: ';' expected.
old_registry.ts(4522,16): error TS1005: ';' expected.
old_registry.ts(4523,16): error TS1005: ';' expected.
old_registry.ts(4525,28): error TS1005: ';' expected.
old_registry.ts(4527,27): error TS1005: ';' expected.
old_registry.ts(4528,9): error TS1005: ';' expected.
old_registry.ts(4542,13): error TS1005: ';' expected.
old_registry.ts(5004,3): error TS1109: Expression expected.
old_registry.ts(5004,4): error TS1128: Declaration or statement expected.
old_registry.ts(5005,17): error TS1005: ';' expected.
old_registry.ts(5007,20): error TS1005: ';' expected.
old_registry.ts(5008,17): error TS1005: ';' expected.
old_registry.ts(5009,16): error TS1005: ';' expected.
old_registry.ts(5011,14): error TS1005: ';' expected.
old_registry.ts(5012,20): error TS1005: ';' expected.
old_registry.ts(5013,20): error TS1005: ';' expected.
old_registry.ts(5014,17): error TS1005: ';' expected.
old_registry.ts(5015,16): error TS1005: ';' expected.
old_registry.ts(5016,16): error TS1005: ';' expected.
old_registry.ts(5018,28): error TS1005: ';' expected.
old_registry.ts(5020,27): error TS1005: ';' expected.
old_registry.ts(5022,9): error TS1005: ';' expected.
old_registry.ts(5044,13): error TS1005: ';' expected.
old_registry.ts(6589,3): error TS1109: Expression expected.
old_registry.ts(6589,4): error TS1128: Declaration or statement expected.
old_registry.ts(6590,22): error TS1005: ';' expected.
old_registry.ts(6592,20): error TS1005: ';' expected.
old_registry.ts(6593,16): error TS1005: ';' expected.
old_registry.ts(6594,17): error TS1005: ';' expected.
old_registry.ts(6595,14): error TS1005: ';' expected.
old_registry.ts(6596,20): error TS1005: ';' expected.
old_registry.ts(6597,20): error TS1005: ';' expected.
old_registry.ts(6598,28): error TS1005: ';' expected.
old_registry.ts(6599,13): error TS1005: ';' expected.
old_registry.ts(6600,4): error TS1128: Declaration or statement expected.
old_registry.ts(6601,1): error TS1128: Declaration or statement expected.
src/lib/productsRegistry.ts(2051,11): error TS1136: Property assignment expected.
src/lib/productsRegistry.ts(2074,13): error TS1003: Identifier expected.
src/lib/productsRegistry.ts(2074,37): error TS1005: ':' expected.
src/lib/productsRegistry.ts(2075,15): error TS1003: Identifier expected.
src/lib/productsRegistry.ts(2075,33): error TS1005: ':' expected.
src/lib/productsRegistry.ts(2077,11): error TS1003: Identifier expected.
src/lib/productsRegistry.ts(2077,432): error TS1005: ':' expected.
src/lib/productsRegistry.ts(2078,16): error TS1003: Identifier expected.
src/lib/productsRegistry.ts(2078,85): error TS1005: ':' expected.
src/lib/productsRegistry.ts(2079,16): error TS1003: Identifier expected.
src/lib/productsRegistry.ts(2079,37): error TS1005: ':' expected.
src/lib/productsRegistry.ts(2080,16): error TS1003: Identifier expected.
src/lib/productsRegistry.ts(2080,29): error TS1005: ':' expected.
src/lib/productsRegistry.ts(2082,18): error TS1003: Identifier expected.
src/lib/productsRegistry.ts(2082,36): error TS1005: ':' expected.
src/lib/productsRegistry.ts(2084,13): error TS1003: Identifier expected.
src/lib/productsRegistry.ts(2084,94): error TS1005: ':' expected.
src/lib/productsRegistry.ts(2085,23): error TS1003: Identifier expected.
src/lib/productsRegistry.ts(2085,34): error TS1005: ':' expected.
src/lib/productsRegistry.ts(2086,27): error TS1003: Identifier expected.
src/lib/productsRegistry.ts(2086,40): error TS1005: ':' expected.
src/lib/productsRegistry.ts(2087,22): error TS1003: Identifier expected.
src/lib/productsRegistry.ts(2087,59): error TS1005: ':' expected.
src/lib/productsRegistry.ts(2089,13): error TS1003: Identifier expected.
src/lib/productsRegistry.ts(2089,82): error TS1005: ':' expected.
src/lib/productsRegistry.ts(2090,24): error TS1003: Identifier expected.
src/lib/productsRegistry.ts(2090,29): error TS1005: ':' expected.
src/lib/productsRegistry.ts(2091,24): error TS1003: Identifier expected.
src/lib/productsRegistry.ts(2091,29): error TS1005: ':' expected.
src/lib/productsRegistry.ts(2093,22): error TS1003: Identifier expected.
src/lib/productsRegistry.ts(2093,34): error TS1005: ':' expected.
src/lib/productsRegistry.ts(2093,43): error TS1003: Identifier expected.
src/lib/productsRegistry.ts(2093,48): error TS1005: ':' expected.
src/lib/productsRegistry.ts(2093,61): error TS1003: Identifier expected.
src/lib/productsRegistry.ts(2093,65): error TS1005: ':' expected.
src/lib/productsRegistry.ts(2094,22): error TS1003: Identifier expected.
src/lib/productsRegistry.ts(2094,37): error TS1005: ':' expected.
src/lib/productsRegistry.ts(2094,46): error TS1003: Identifier expected.
src/lib/productsRegistry.ts(2094,54): error TS1005: ':' expected.
src/lib/productsRegistry.ts(2094,67): error TS1003: Identifier expected.
src/lib/productsRegistry.ts(2094,71): error TS1005: ':' expected.
src/lib/productsRegistry.ts(2098,22): error TS1003: Identifier expected.
src/lib/productsRegistry.ts(2098,31): error TS1005: ':' expected.
src/lib/productsRegistry.ts(2100,26): error TS1003: Identifier expected.
src/lib/productsRegistry.ts(2100,61): error TS1005: ':' expected.
src/lib/productsRegistry.ts(2100,70): error TS1003: Identifier expected.
src/lib/productsRegistry.ts(2100,79): error TS1005: ':' expected.
src/lib/productsRegistry.ts(2100,93): error TS1003: Identifier expected.
src/lib/productsRegistry.ts(2100,95): error TS1005: ':' expected.
src/lib/productsRegistry.ts(2101,26): error TS1003: Identifier expected.
src/lib/productsRegistry.ts(2101,51): error TS1005: ':' expected.
src/lib/productsRegistry.ts(2101,60): error TS1003: Identifier expected.
src/lib/productsRegistry.ts(2101,73): error TS1005: ':' expected.
src/lib/productsRegistry.ts(2101,101): error TS1003: Identifier expected.
src/lib/productsRegistry.ts(2101,114): error TS1005: ';' expected.
src/lib/productsRegistry.ts(2101,120): error TS1128: Declaration or statement expected.
src/lib/productsRegistry.ts(2101,122): error TS1128: Declaration or statement expected.
src/lib/productsRegistry.ts(2101,123): error TS1128: Declaration or statement expected.
src/lib/productsRegistry.ts(2102,52): error TS1005: ';' expected.
src/lib/productsRegistry.ts(2102,78): error TS1005: ';' expected.
src/lib/productsRegistry.ts(2102,87): error TS1005: ';' expected.
src/lib/productsRegistry.ts(2102,103): error TS1005: ';' expected.
src/lib/productsRegistry.ts(2103,15): error TS1128: Declaration or statement expected.
src/lib/productsRegistry.ts(2104,13): error TS1128: Declaration or statement expected.
src/lib/productsRegistry.ts(2105,11): error TS1128: Declaration or statement expected.
src/lib/productsRegistry.ts(2105,12): error TS1128: Declaration or statement expected.
src/lib/productsRegistry.ts(2107,22): error TS1005: ';' expected.
src/lib/productsRegistry.ts(2112,19): error TS1005: ';' expected.
src/lib/productsRegistry.ts(2118,16): error TS1005: ';' expected.
src/lib/productsRegistry.ts(2119,15): error TS1005: ';' expected.
src/lib/productsRegistry.ts(2120,18): error TS1005: ';' expected.
src/lib/productsRegistry.ts(2121,21): error TS1005: ';' expected.
src/lib/productsRegistry.ts(2122,9): error TS1109: Expression expected.
src/lib/productsRegistry.ts(2122,10): error TS1128: Declaration or statement expected.
src/lib/productsRegistry.ts(2123,7): error TS1128: Declaration or statement expected.
src/lib/productsRegistry.ts(2123,8): error TS1128: Declaration or statement expected.
src/lib/productsRegistry.ts(2126,13): error TS1005: ';' expected.
src/lib/productsRegistry.ts(2127,20): error TS1005: ';' expected.
src/lib/productsRegistry.ts(2129,14): error TS1005: ';' expected.
src/lib/productsRegistry.ts(2130,14): error TS1005: ';' expected.
src/lib/productsRegistry.ts(2131,14): error TS1005: ';' expected.
src/lib/productsRegistry.ts(2132,15): error TS1005: ';' expected.
src/lib/productsRegistry.ts(2134,19): error TS1005: ';' expected.
src/lib/productsRegistry.ts(2136,21): error TS1005: ';' expected.
src/lib/productsRegistry.ts(2137,25): error TS1005: ';' expected.
src/lib/productsRegistry.ts(2138,20): error TS1005: ';' expected.
src/lib/productsRegistry.ts(2139,16): error TS1005: ';' expected.
src/lib/productsRegistry.ts(2141,22): error TS1005: ';' expected.
src/lib/productsRegistry.ts(2142,22): error TS1005: ';' expected.
src/lib/productsRegistry.ts(2143,16): error TS1005: ';' expected.
src/lib/productsRegistry.ts(2155,18): error TS1005: ';' expected.
src/lib/productsRegistry.ts(2172,22): error TS1005: ';' expected.
src/lib/productsRegistry.ts(2173,24): error TS1005: ';' expected.
src/lib/productsRegistry.ts(2179,22): error TS1005: ';' expected.
src/lib/productsRegistry.ts(2185,19): error TS1005: ';' expected.
src/lib/productsRegistry.ts(2191,16): error TS1005: ';' expected.
src/lib/productsRegistry.ts(2195,22): error TS1005: ';' expected.
src/lib/productsRegistry.ts(2206,15): error TS1005: ';' expected.
src/lib/productsRegistry.ts(2228,18): error TS1005: ';' expected.
src/lib/productsRegistry.ts(2245,21): error TS1005: ';' expected.
src/lib/productsRegistry.ts(2246,9): error TS1109: Expression expected.
src/lib/productsRegistry.ts(2246,10): error TS1128: Declaration or statement expected.
src/lib/productsRegistry.ts(2247,8): error TS1128: Declaration or statement expected.
src/lib/productsRegistry.ts(2250,13): error TS1005: ';' expected.
src/lib/productsRegistry.ts(2251,20): error TS1005: ';' expected.
src/lib/productsRegistry.ts(2253,14): error TS1005: ';' expected.
src/lib/productsRegistry.ts(2254,14): error TS1005: ';' expected.
src/lib/productsRegistry.ts(2255,15): error TS1005: ';' expected.
src/lib/productsRegistry.ts(2257,19): error TS1005: ';' expected.
src/lib/productsRegistry.ts(2259,21): error TS1005: ';' expected.
src/lib/productsRegistry.ts(2260,25): error TS1005: ';' expected.
src/lib/productsRegistry.ts(2261,20): error TS1005: ';' expected.
src/lib/productsRegistry.ts(2262,16): error TS1005: ';' expected.
src/lib/productsRegistry.ts(2263,22): error TS1005: ';' expected.
src/lib/productsRegistry.ts(2264,22): error TS1005: ';' expected.
src/lib/productsRegistry.ts(2265,16): error TS1005: ';' expected.
src/lib/productsRegistry.ts(2277,18): error TS1005: ';' expected.
src/lib/productsRegistry.ts(2289,22): error TS1005: ';' expected.
src/lib/productsRegistry.ts(2290,22): error TS1005: ';' expected.
src/lib/productsRegistry.ts(2295,19): error TS1005: ';' expected.
src/lib/productsRegistry.ts(2301,16): error TS1005: ';' expected.
src/lib/productsRegistry.ts(2302,15): error TS1005: ';' expected.
src/lib/productsRegistry.ts(2303,18): error TS1005: ';' expected.
src/lib/productsRegistry.ts(2304,21): error TS1005: ';' expected.
src/lib/productsRegistry.ts(2305,9): error TS1109: Expression expected.
src/lib/productsRegistry.ts(2305,10): error TS1128: Declaration or statement expected.
src/lib/productsRegistry.ts(2306,8): error TS1128: Declaration or statement expected.
src/lib/productsRegistry.ts(2309,13): error TS1005: ';' expected.
src/lib/productsRegistry.ts(2310,20): error TS1005: ';' expected.
src/lib/productsRegistry.ts(2312,14): error TS1005: ';' expected.
src/lib/productsRegistry.ts(2314,14): error TS1005: ';' expected.
src/lib/productsRegistry.ts(2315,15): error TS1005: ';' expected.
src/lib/productsRegistry.ts(2317,19): error TS1005: ';' expected.
src/lib/productsRegistry.ts(2319,21): error TS1005: ';' expected.
src/lib/productsRegistry.ts(2320,25): error TS1005: ';' expected.
src/lib/productsRegistry.ts(2321,20): error TS1005: ';' expected.
src/lib/productsRegistry.ts(2322,16): error TS1005: ';' expected.
src/lib/productsRegistry.ts(2324,22): error TS1005: ';' expected.
src/lib/productsRegistry.ts(2325,22): error TS1005: ';' expected.
src/lib/productsRegistry.ts(2326,16): error TS1005: ';' expected.
src/lib/productsRegistry.ts(2338,18): error TS1005: ';' expected.
src/lib/productsRegistry.ts(2350,22): error TS1005: ';' expected.
src/lib/productsRegistry.ts(2351,22): error TS1005: ';' expected.
src/lib/productsRegistry.ts(2356,19): error TS1005: ';' expected.
src/lib/productsRegistry.ts(2362,16): error TS1005: ';' expected.
src/lib/productsRegistry.ts(2368,15): error TS1005: ';' expected.
src/lib/productsRegistry.ts(2369,18): error TS1005: ';' expected.
src/lib/productsRegistry.ts(2370,21): error TS1005: ';' expected.
src/lib/productsRegistry.ts(2371,9): error TS1109: Expression expected.
src/lib/productsRegistry.ts(2371,10): error TS1128: Declaration or statement expected.
src/lib/productsRegistry.ts(2372,8): error TS1128: Declaration or statement expected.
src/lib/productsRegistry.ts(2375,13): error TS1005: ';' expected.
src/lib/productsRegistry.ts(2376,20): error TS1005: ';' expected.
src/lib/productsRegistry.ts(2378,14): error TS1005: ';' expected.
src/lib/productsRegistry.ts(2379,14): error TS1005: ';' expected.
src/lib/productsRegistry.ts(2380,15): error TS1005: ';' expected.
src/lib/productsRegistry.ts(2382,19): error TS1005: ';' expected.
src/lib/productsRegistry.ts(2384,21): error TS1005: ';' expected.
src/lib/productsRegistry.ts(2385,25): error TS1005: ';' expected.
src/lib/productsRegistry.ts(2386,20): error TS1005: ';' expected.
src/lib/productsRegistry.ts(2387,16): error TS1005: ';' expected.
src/lib/productsRegistry.ts(2388,17): error TS1005: ';' expected.
src/lib/productsRegistry.ts(2394,22): error TS1005: ';' expected.
src/lib/productsRegistry.ts(2395,22): error TS1005: ';' expected.
src/lib/productsRegistry.ts(2396,16): error TS1005: ';' expected.
src/lib/productsRegistry.ts(2403,18): error TS1005: ';' expected.
src/lib/productsRegistry.ts(2420,22): error TS1005: ';' expected.
src/lib/productsRegistry.ts(2421,22): error TS1005: ';' expected.
src/lib/productsRegistry.ts(2426,19): error TS1005: ';' expected.
src/lib/productsRegistry.ts(2431,16): error TS1005: ';' expected.
src/lib/productsRegistry.ts(2432,15): error TS1005: ';' expected.
src/lib/productsRegistry.ts(2433,18): error TS1005: ';' expected.
src/lib/productsRegistry.ts(2434,21): error TS1005: ';' expected.
src/lib/productsRegistry.ts(2435,9): error TS1109: Expression expected.
src/lib/productsRegistry.ts(2435,10): error TS1128: Declaration or statement expected.
src/lib/productsRegistry.ts(2436,8): error TS1128: Declaration or statement expected.
src/lib/productsRegistry.ts(2439,13): error TS1005: ';' expected.
src/lib/productsRegistry.ts(2440,20): error TS1005: ';' expected.
src/lib/productsRegistry.ts(2442,14): error TS1005: ';' expected.
src/lib/productsRegistry.ts(2443,14): error TS1005: ';' expected.
src/lib/productsRegistry.ts(2444,15): error TS1005: ';' expected.
src/lib/productsRegistry.ts(2446,19): error TS1005: ';' expected.
src/lib/productsRegistry.ts(2448,21): error TS1005: ';' expected.
src/lib/productsRegistry.ts(2449,25): error TS1005: ';' expected.
src/lib/productsRegistry.ts(2450,20): error TS1005: ';' expected.
src/lib/productsRegistry.ts(2451,16): error TS1005: ';' expected.
src/lib/productsRegistry.ts(2452,22): error TS1005: ';' expected.
src/lib/productsRegistry.ts(2453,22): error TS1005: ';' expected.
src/lib/productsRegistry.ts(2454,16): error TS1005: ';' expected.
src/lib/productsRegistry.ts(2476,18): error TS1005: ';' expected.
src/lib/productsRegistry.ts(2585,23): error TS1005: ';' expected.
src/lib/productsRegistry.ts(2593,22): error TS1005: ';' expected.
src/lib/productsRegistry.ts(2594,22): error TS1005: ';' expected.
src/lib/productsRegistry.ts(2599,19): error TS1005: ';' expected.
src/lib/productsRegistry.ts(2604,16): error TS1005: ';' expected.
src/lib/productsRegistry.ts(2605,15): error TS1005: ';' expected.
src/lib/productsRegistry.ts(2606,18): error TS1005: ';' expected.
src/lib/productsRegistry.ts(2607,21): error TS1005: ';' expected.
src/lib/productsRegistry.ts(2608,9): error TS1109: Expression expected.
src/lib/productsRegistry.ts(2608,10): error TS1128: Declaration or statement expected.
src/lib/productsRegistry.ts(2609,8): error TS1128: Declaration or statement expected.
src/lib/productsRegistry.ts(2612,13): error TS1005: ';' expected.
src/lib/productsRegistry.ts(2613,20): error TS1005: ';' expected.
src/lib/productsRegistry.ts(2615,14): error TS1005: ';' expected.
src/lib/productsRegistry.ts(2616,14): error TS1005: ';' expected.
src/lib/productsRegistry.ts(2617,15): error TS1005: ';' expected.
src/lib/productsRegistry.ts(2619,19): error TS1005: ';' expected.
src/lib/productsRegistry.ts(2621,21): error TS1005: ';' expected.
src/lib/productsRegistry.ts(2622,25): error TS1005: ';' expected.
src/lib/productsRegistry.ts(2623,20): error TS1005: ';' expected.
src/lib/productsRegistry.ts(2624,16): error TS1005: ';' expected.
src/lib/productsRegistry.ts(2625,22): error TS1005: ';' expected.
src/lib/productsRegistry.ts(2626,22): error TS1005: ';' expected.
src/lib/productsRegistry.ts(2627,16): error TS1005: ';' expected.
src/lib/productsRegistry.ts(2636,18): error TS1005: ';' expected.
src/lib/productsRegistry.ts(2653,22): error TS1005: ';' expected.
src/lib/productsRegistry.ts(2654,22): error TS1005: ';' expected.
src/lib/productsRegistry.ts(2659,19): error TS1005: ';' expected.
src/lib/productsRegistry.ts(2660,16): error TS1005: ';' expected.
src/lib/productsRegistry.ts(2663,15): error TS1005: ';' expected.
src/lib/productsRegistry.ts(2664,18): error TS1005: ';' expected.
src/lib/productsRegistry.ts(2665,21): error TS1005: ';' expected.
src/lib/productsRegistry.ts(2666,9): error TS1109: Expression expected.
src/lib/productsRegistry.ts(2666,10): error TS1128: Declaration or statement expected.
src/lib/productsRegistry.ts(2667,8): error TS1128: Declaration or statement expected.
src/lib/productsRegistry.ts(2670,13): error TS1005: ';' expected.
src/lib/productsRegistry.ts(2671,20): error TS1005: ';' expected.
src/lib/productsRegistry.ts(2673,14): error TS1005: ';' expected.
src/lib/productsRegistry.ts(2674,14): error TS1005: ';' expected.
src/lib/productsRegistry.ts(2675,15): error TS1005: ';' expected.
src/lib/productsRegistry.ts(2677,26): error TS1005: ';' expected.
src/lib/productsRegistry.ts(2678,25): error TS1005: ';' expected.
src/lib/productsRegistry.ts(2679,16): error TS1005: ';' expected.
src/lib/productsRegistry.ts(2680,16): error TS1005: ';' expected.
src/lib/productsRegistry.ts(2681,16): error TS1005: ';' expected.
src/lib/productsRegistry.ts(2682,17): error TS1005: ';' expected.
src/lib/productsRegistry.ts(2683,17): error TS1005: ';' expected.
src/lib/productsRegistry.ts(2684,17): error TS1005: ';' expected.
src/lib/productsRegistry.ts(2685,17): error TS1005: ';' expected.
src/lib/productsRegistry.ts(2686,17): error TS1005: ';' expected.
src/lib/productsRegistry.ts(2687,18): error TS1005: ';' expected.
src/lib/productsRegistry.ts(2688,11): error TS1109: Expression expected.
src/lib/productsRegistry.ts(2688,12): error TS1128: Declaration or statement expected.
src/lib/productsRegistry.ts(2691,21): error TS1005: ';' expected.
src/lib/productsRegistry.ts(2692,25): error TS1005: ';' expected.
src/lib/productsRegistry.ts(2693,20): error TS1005: ';' expected.
src/lib/productsRegistry.ts(2694,16): error TS1005: ';' expected.
src/lib/productsRegistry.ts(2695,22): error TS1005: ';' expected.
src/lib/productsRegistry.ts(2696,22): error TS1005: ';' expected.
src/lib/productsRegistry.ts(2697,16): error TS1005: ';' expected.
src/lib/productsRegistry.ts(2700,18): error TS1005: ';' expected.
src/lib/productsRegistry.ts(2716,13): error TS1109: Expression expected.
src/lib/productsRegistry.ts(2716,14): error TS1128: Declaration or statement expected.
src/lib/productsRegistry.ts(2719,22): error TS1005: ';' expected.
src/lib/productsRegistry.ts(2735,13): error TS1109: Expression expected.
src/lib/productsRegistry.ts(2735,14): error TS1128: Declaration or statement expected.
src/lib/productsRegistry.ts(2738,22): error TS1005: ';' expected.
src/lib/productsRegistry.ts(2750,13): error TS1109: Expression expected.
src/lib/productsRegistry.ts(2750,14): error TS1128: Declaration or statement expected.
src/lib/productsRegistry.ts(2751,11): error TS1128: Declaration or statement expected.
src/lib/productsRegistry.ts(2751,12): error TS1128: Declaration or statement expected.
src/lib/productsRegistry.ts(2753,22): error TS1005: ';' expected.
src/lib/productsRegistry.ts(2758,19): error TS1005: ';' expected.
src/lib/productsRegistry.ts(2759,16): error TS1005: ';' expected.
src/lib/productsRegistry.ts(2767,15): error TS1005: ';' expected.
src/lib/productsRegistry.ts(2785,18): error TS1005: ';' expected.
src/lib/productsRegistry.ts(2802,21): error TS1005: ';' expected.
src/lib/productsRegistry.ts(2803,9): error TS1109: Expression expected.
src/lib/productsRegistry.ts(2803,10): error TS1128: Declaration or statement expected.
src/lib/productsRegistry.ts(2804,7): error TS1128: Declaration or statement expected.
src/lib/productsRegistry.ts(2804,8): error TS1128: Declaration or statement expected.
src/lib/productsRegistry.ts(2807,13): error TS1005: ';' expected.
src/lib/productsRegistry.ts(2808,20): error TS1005: ';' expected.
src/lib/productsRegistry.ts(2810,14): error TS1005: ';' expected.
src/lib/productsRegistry.ts(2811,14): error TS1005: ';' expected.
src/lib/productsRegistry.ts(2812,15): error TS1005: ';' expected.
src/lib/productsRegistry.ts(2814,26): error TS1005: ';' expected.
src/lib/productsRegistry.ts(2815,19): error TS1005: ';' expected.
src/lib/productsRegistry.ts(2817,21): error TS1005: ';' expected.
src/lib/productsRegistry.ts(2818,25): error TS1005: ';' expected.
src/lib/productsRegistry.ts(2819,20): error TS1005: ';' expected.
src/lib/productsRegistry.ts(2820,16): error TS1005: ';' expected.
src/lib/productsRegistry.ts(2821,17): error TS1005: ';' expected.
src/lib/productsRegistry.ts(2828,22): error TS1005: ';' expected.
src/lib/productsRegistry.ts(2829,22): error TS1005: ';' expected.
src/lib/productsRegistry.ts(2830,16): error TS1005: ';' expected.
src/lib/productsRegistry.ts(2888,18): error TS1005: ';' expected.
src/lib/productsRegistry.ts(2926,22): error TS1005: ';' expected.
src/lib/productsRegistry.ts(2927,22): error TS1005: ';' expected.
src/lib/productsRegistry.ts(2932,19): error TS1005: ';' expected.
src/lib/productsRegistry.ts(2937,16): error TS1005: ';' expected.
src/lib/productsRegistry.ts(2941,22): error TS1005: ';' expected.
src/lib/productsRegistry.ts(2951,15): error TS1005: ';' expected.
src/lib/productsRegistry.ts(2973,18): error TS1005: ';' expected.
src/lib/productsRegistry.ts(2985,21): error TS1005: ';' expected.
src/lib/productsRegistry.ts(2986,9): error TS1109: Expression expected.
src/lib/productsRegistry.ts(2986,10): error TS1128: Declaration or statement expected.
src/lib/productsRegistry.ts(2987,8): error TS1128: Declaration or statement expected.
src/lib/productsRegistry.ts(2988,5): error TS1128: Declaration or statement expected.
src/lib/productsRegistry.ts(2988,6): error TS1128: Declaration or statement expected.
src/lib/productsRegistry.ts(2989,3): error TS1128: Declaration or statement expected.
src/lib/productsRegistry.ts(2989,4): error TS1128: Declaration or statement expected.
src/lib/productsRegistry.ts(2990,18): error TS1005: ';' expected.
src/lib/productsRegistry.ts(2992,20): error TS1005: ';' expected.
src/lib/productsRegistry.ts(2993,16): error TS1005: ';' expected.
src/lib/productsRegistry.ts(2995,14): error TS1005: ';' expected.
src/lib/productsRegistry.ts(2996,20): error TS1005: ';' expected.
src/lib/productsRegistry.ts(2997,20): error TS1005: ';' expected.
src/lib/productsRegistry.ts(2998,17): error TS1005: ';' expected.
src/lib/productsRegistry.ts(2999,17): error TS1005: ';' expected.
src/lib/productsRegistry.ts(3000,16): error TS1005: ';' expected.
src/lib/productsRegistry.ts(3001,16): error TS1005: ';' expected.
src/lib/productsRegistry.ts(3003,28): error TS1005: ';' expected.
src/lib/productsRegistry.ts(3005,27): error TS1005: ';' expected.
src/lib/productsRegistry.ts(3006,9): error TS1005: ';' expected.
src/lib/productsRegistry.ts(3032,13): error TS1005: ';' expected.
src/lib/productsRegistry.ts(3565,3): error TS1109: Expression expected.
src/lib/productsRegistry.ts(3565,4): error TS1128: Declaration or statement expected.
src/lib/productsRegistry.ts(3566,21): error TS1005: ';' expected.
src/lib/productsRegistry.ts(3568,20): error TS1005: ';' expected.
src/lib/productsRegistry.ts(3569,16): error TS1005: ';' expected.
src/lib/productsRegistry.ts(3571,14): error TS1005: ';' expected.
src/lib/productsRegistry.ts(3572,20): error TS1005: ';' expected.
src/lib/productsRegistry.ts(3573,20): error TS1005: ';' expected.
src/lib/productsRegistry.ts(3574,17): error TS1005: ';' expected.
src/lib/productsRegistry.ts(3575,16): error TS1005: ';' expected.
src/lib/productsRegistry.ts(3576,16): error TS1005: ';' expected.
src/lib/productsRegistry.ts(3578,13): error TS1005: ';' expected.
src/lib/productsRegistry.ts(3666,3): error TS1109: Expression expected.
src/lib/productsRegistry.ts(3666,4): error TS1128: Declaration or statement expected.
src/lib/productsRegistry.ts(3667,24): error TS1005: ';' expected.
src/lib/productsRegistry.ts(3669,20): error TS1005: ';' expected.
src/lib/productsRegistry.ts(3670,17): error TS1005: ';' expected.
src/lib/productsRegistry.ts(3671,16): error TS1005: ';' expected.
src/lib/productsRegistry.ts(3673,14): error TS1005: ';' expected.
src/lib/productsRegistry.ts(3674,20): error TS1005: ';' expected.
src/lib/productsRegistry.ts(3675,20): error TS1005: ';' expected.
src/lib/productsRegistry.ts(3676,17): error TS1005: ';' expected.
src/lib/productsRegistry.ts(3677,16): error TS1005: ';' expected.
src/lib/productsRegistry.ts(3678,16): error TS1005: ';' expected.
src/lib/productsRegistry.ts(3680,28): error TS1005: ';' expected.
src/lib/productsRegistry.ts(3690,27): error TS1005: ';' expected.
src/lib/productsRegistry.ts(3691,9): error TS1005: ';' expected.
src/lib/productsRegistry.ts(3705,13): error TS1005: ';' expected.
src/lib/productsRegistry.ts(4471,3): error TS1109: Expression expected.
src/lib/productsRegistry.ts(4471,4): error TS1128: Declaration or statement expected.
src/lib/productsRegistry.ts(4472,25): error TS1005: ';' expected.
src/lib/productsRegistry.ts(4474,20): error TS1005: ';' expected.
src/lib/productsRegistry.ts(4475,17): error TS1005: ';' expected.
src/lib/productsRegistry.ts(4476,16): error TS1005: ';' expected.
src/lib/productsRegistry.ts(4478,14): error TS1005: ';' expected.
src/lib/productsRegistry.ts(4479,20): error TS1005: ';' expected.
src/lib/productsRegistry.ts(4480,20): error TS1005: ';' expected.
src/lib/productsRegistry.ts(4481,17): error TS1005: ';' expected.
src/lib/productsRegistry.ts(4482,16): error TS1005: ';' expected.
src/lib/productsRegistry.ts(4483,16): error TS1005: ';' expected.
src/lib/productsRegistry.ts(4485,28): error TS1005: ';' expected.
src/lib/productsRegistry.ts(4487,27): error TS1005: ';' expected.
src/lib/productsRegistry.ts(4488,9): error TS1005: ';' expected.
src/lib/productsRegistry.ts(4502,13): error TS1005: ';' expected.
src/lib/productsRegistry.ts(4964,3): error TS1109: Expression expected.
src/lib/productsRegistry.ts(4964,4): error TS1128: Declaration or statement expected.
src/lib/productsRegistry.ts(4965,17): error TS1005: ';' expected.
src/lib/productsRegistry.ts(4967,20): error TS1005: ';' expected.
src/lib/productsRegistry.ts(4968,17): error TS1005: ';' expected.
src/lib/productsRegistry.ts(4969,16): error TS1005: ';' expected.
src/lib/productsRegistry.ts(4971,14): error TS1005: ';' expected.
src/lib/productsRegistry.ts(4972,20): error TS1005: ';' expected.
src/lib/productsRegistry.ts(4973,20): error TS1005: ';' expected.
src/lib/productsRegistry.ts(4974,17): error TS1005: ';' expected.
src/lib/productsRegistry.ts(4975,16): error TS1005: ';' expected.
src/lib/productsRegistry.ts(4976,16): error TS1005: ';' expected.
src/lib/productsRegistry.ts(4978,28): error TS1005: ';' expected.
src/lib/productsRegistry.ts(4980,27): error TS1005: ';' expected.
src/lib/productsRegistry.ts(4982,9): error TS1005: ';' expected.
src/lib/productsRegistry.ts(5004,13): error TS1005: ';' expected.
src/lib/productsRegistry.ts(6549,3): error TS1109: Expression expected.
src/lib/productsRegistry.ts(6549,4): error TS1128: Declaration or statement expected.
src/lib/productsRegistry.ts(6550,22): error TS1005: ';' expected.
src/lib/productsRegistry.ts(6552,20): error TS1005: ';' expected.
src/lib/productsRegistry.ts(6553,16): error TS1005: ';' expected.
src/lib/productsRegistry.ts(6554,17): error TS1005: ';' expected.
src/lib/productsRegistry.ts(6555,14): error TS1005: ';' expected.
src/lib/productsRegistry.ts(6556,20): error TS1005: ';' expected.
src/lib/productsRegistry.ts(6557,20): error TS1005: ';' expected.
src/lib/productsRegistry.ts(6558,28): error TS1005: ';' expected.
src/lib/productsRegistry.ts(6559,13): error TS1005: ';' expected.
src/lib/productsRegistry.ts(6560,4): error TS1128: Declaration or statement expected.
src/lib/productsRegistry.ts(6561,1): error TS1128: Declaration or statement expected.
